<?xml version="1.0" encoding="utf-8"?><testsuites><testsuite name="pytest" errors="0" failures="0" skipped="0" tests="45" time="0.521" timestamp="2025-06-01T16:24:20.695546-03:00" hostname="DESKTOP-ERTETBK"><testcase classname="tests.integration.test_cartao" name="test_validacao_cartao_valido" time="0.016" /><testcase classname="tests.integration.test_cartao" name="test_nome_titular_vazio" time="0.003" /><testcase classname="tests.integration.test_cartao" name="test_cartao_cvv_invalido[12]" time="0.003" /><testcase classname="tests.integration.test_cartao" name="test_cartao_cvv_invalido[12345]" time="0.002" /><testcase classname="tests.integration.test_cartao" name="test_cartao_cvv_invalido[abc]" time="0.002" /><testcase classname="tests.integration.test_cartao" name="test_cartao_cvv_invalido[]" time="0.003" /><testcase classname="tests.integration.test_cartao" name="test_cartao_cvv_invalido[12a]" time="0.002" /><testcase classname="tests.integration.test_cartao" name="test_cartao_validade_invalida[13/26]" time="0.002" /><testcase classname="tests.integration.test_cartao" name="test_cartao_validade_invalida[00/2026]" time="0.002" /><testcase classname="tests.integration.test_cartao" name="test_cartao_validade_invalida[1-26]" time="0.003" /><testcase classname="tests.integration.test_cartao" name="test_cartao_validade_invalida[02-20]" time="0.002" /><testcase classname="tests.integration.test_cartao" name="test_cartao_validade_invalida[2//2026]" time="0.003" /><testcase classname="tests.integration.test_cartao" name="test_cartao_validade_invalida[aa/2026]" time="0.002" /><testcase classname="tests.integration.test_cartao" name="test_cartao_validade_invalida[1/20ab]" time="0.003" /><testcase classname="tests.integration.test_cartao" name="test_cartao_expirado" time="0.003" /><testcase classname="tests.integration.test_cartao" name="test_cartao_numero_invalido[]" time="0.003" /><testcase classname="tests.integration.test_cartao" name="test_cartao_numero_invalido[abcd1234]" time="0.002" /><testcase classname="tests.integration.test_cartao" name="test_cartao_numero_invalido[0000000000000000]" time="0.002" /><testcase classname="tests.integration.test_cartao" name="test_cartao_numero_invalido[4111111111111121]" time="0.003" /><testcase classname="tests.integration.test_cartao" name="test_cartao_numero_invalido[1234567890123456]" time="0.003" /><testcase classname="tests.unit.test_cartao" name="test_cartao_valido_com_varios_formatos[M/YY]" time="0.001" /><testcase classname="tests.unit.test_cartao" name="test_cartao_valido_com_varios_formatos[MM/YY]" time="0.001" /><testcase classname="tests.unit.test_cartao" name="test_cartao_valido_com_varios_formatos[M/YYYY]" time="0.001" /><testcase classname="tests.unit.test_cartao" name="test_cartao_valido_com_varios_formatos[MM/YYYY]" time="0.001" /><testcase classname="tests.unit.test_cartao" name="test_nome_titular_vazio_lanca_excecao" time="0.001" /><testcase classname="tests.unit.test_cartao" name="test_validade_com_formato_invalido[13/26]" time="0.001" /><testcase classname="tests.unit.test_cartao" name="test_validade_com_formato_invalido[00/2026]" time="0.001" /><testcase classname="tests.unit.test_cartao" name="test_validade_com_formato_invalido[1-26]" time="0.001" /><testcase classname="tests.unit.test_cartao" name="test_validade_com_formato_invalido[02-20]" time="0.001" /><testcase classname="tests.unit.test_cartao" name="test_validade_com_formato_invalido[2//2026]" time="0.001" /><testcase classname="tests.unit.test_cartao" name="test_validade_com_formato_invalido[aa/2026]" time="0.001" /><testcase classname="tests.unit.test_cartao" name="test_validade_com_formato_invalido[1/20ab]" time="0.001" /><testcase classname="tests.unit.test_cartao" name="test_cartao_expirado_por_ano" time="0.001" /><testcase classname="tests.unit.test_cartao" name="test_cartao_expirado_por_mes" time="0.001" /><testcase classname="tests.unit.test_cartao" name="test_cvv_invalido[12]" time="0.001" /><testcase classname="tests.unit.test_cartao" name="test_cvv_invalido[12345]" time="0.001" /><testcase classname="tests.unit.test_cartao" name="test_cvv_invalido[abc]" time="0.001" /><testcase classname="tests.unit.test_cartao" name="test_cvv_invalido[]" time="0.001" /><testcase classname="tests.unit.test_cartao" name="test_cvv_invalido[12a]" time="0.001" /><testcase classname="tests.unit.test_cartao" name="test_numero_cartao_invalido[]" time="0.001" /><testcase classname="tests.unit.test_cartao" name="test_numero_cartao_invalido[4111 1111 1111 111]" time="0.001" /><testcase classname="tests.unit.test_cartao" name="test_numero_cartao_invalido[abcd1234abcd5678]" time="0.001" /><testcase classname="tests.unit.test_cartao" name="test_numero_cartao_invalido[4111111111111121]" time="0.001" /><testcase classname="tests.unit.test_cartao" name="test_numero_cartao_invalido[0000000000000000]" time="0.001" /><testcase classname="tests.unit.test_cartao" name="test_numero_cartao_invalido[1234567890123456]" time="0.001" /></testsuite></testsuites>